[www.satta-kingz.in/index.html]
[pagead2.googlesyndication.com/pagead/js/f.txt]
[backblue.gif]
[fade.gif]
[index.html]
[www.satta-kingz.in/css/background.css]
[www.satta-kingz.in/css/style03db.css]
[www.satta-kingz.in/css/bootstrap.min.css]
[www.satta-kingz.in/images/fav.png]
[www.satta-kingz.in/index-2.html]
[www.satta-kingz.in/satta-king-game-record-chart.html]
[www.satta-kingz.in/satta-king-fast-result.html]
[www.satta-kingz.in/satta-leak-number.html]
[www.satta-kingz.in/images/arrow.gif]
[www.satta-kingz.in/images/www.gif]
[www.satta-kingz.in/delhi-satta-king-live-result.html]
[www.satta-kingz.in/satta-ka-number-bazar.html]
[www.satta-kingz.in/satta-king-vip.html]
[www.satta-kingz.in/desawar-satta-record-chart-2020.html]
[www.satta-kingz.in/gali-satta-record-chart-2020.html]
[www.satta-kingz.in/faridabad-satta-record-chart-2020.html]
[www.satta-kingz.in/ghaziabad-satta-record-chart-2020.html]
[www.satta-kingz.in/images/call.png]
[static.usuarios-online.com/uo2.min.js]
[www.satta-kingz.in/contact.html]
[www.satta-kingz.in/disclaimer.html]
[www.satta-kingz.in/sitemap.xml]
[www.satta-kingz.in/index.html]
[www.satta-kingz.in/css/background.css]
[www.satta-kingz.in/images/chat.png]
[www.satta-kingz.in/css/style03db.css]
[www.satta-kingz.in/fonts/glyphicons-halflings-regular.html]
[www.satta-kingz.in/fonts/glyphicons-halflings-regulard41dd41d.html]
[www.satta-kingz.in/fonts/glyphicons-halflings-regular-2.html]
[www.satta-kingz.in/fonts/glyphicons-halflings-regular-3.html]
[www.satta-kingz.in/fonts/glyphicons-halflings-regular-4.html]
[www.satta-kingz.in/css/bootstrap.min.css]
[www.satta-kingz.in/index-2.html]
[www.satta-kingz.in/fonts/glyphicons-halflings-regular-5.html]
[www.satta-kingz.in/images/3month.png]
[www.satta-kingz.in/satta-king-game-record-chart.html]
[www.satta-kingz.in/satta-king-fast-result.html]
[www.satta-kingz.in/satta-leak-number.html]
[www.satta-kingz.in/delhi-satta-king-live-result.html]
[www.satta-kingz.in/satta-ka-number-bazar.html]
[www.satta-kingz.in/satta-king-vip.html]
[www.satta-kingz.in/css/style9c8a.css]
[www.satta-kingz.in/css/stylec8a1.css]
[www.satta-kingz.in/desawar-satta-record-chart-2020.html]
[maxcdn.bootstrapcdn.com/bootstrap/3.3.7/css/bootstrap.min.css]
[www.satta-kingz.in/gali-satta-record-chart-2020.html]
[www.satta-kingz.in/faridabad-satta-record-chart-2020.html]
[www.satta-kingz.in/ghaziabad-satta-record-chart-2020.html]
[www.satta-kingz.in/contact.html]
[www.satta-kingz.in/disclaimer.html]
[www.satta-kingz.in/css/style95dc.css]
[www.satta-kingz.in/fonts/css/bootstrap.min.css]
[www.satta-kingz.in/fonts/index.php]
[www.satta-kingz.in/fonts/all-game-record-chart.php]
[www.satta-kingz.in/fonts/member/index.php]
[www.satta-kingz.in/fonts/images/call.png]
[www.satta-kingz.in/fonts/images/arrow.gif]
[www.satta-kingz.in/fonts/images/www.gif]
[www.satta-kingz.in/fonts/js/jquery.min.js]
[www.satta-kingz.in/fonts/glyphicons-halflings-regular.html]
[www.satta-kingz.in/fonts/glyphicons-halflings-regulard41dd41d.html]
[www.satta-kingz.in/fonts/glyphicons-halflings-regular-2.html]
[www.satta-kingz.in/fonts/glyphicons-halflings-regular-3.html]
[www.satta-kingz.in/fonts/glyphicons-halflings-regular-4.html]
[www.satta-kingz.in/fonts/glyphicons-halflings-regular-5.html]
[www.satta-kingz.in/css/style9c8a.css]
[www.satta-kingz.in/css/stylec8a1.css]
[maxcdn.bootstrapcdn.com/bootstrap/3.3.7/css/bootstrap.min.css]
[www.satta-kingz.in/css/style95dc.css]
[www.satta-kingz.in/fonts/css/bootstrap.min.html]
[www.satta-kingz.in/fonts/index.html]
[www.satta-kingz.in/fonts/all-game-record-chart.html]
[www.satta-kingz.in/fonts/member/index.html]
[www.satta-kingz.in/fonts/images/call.html]
[www.satta-kingz.in/fonts/images/arrow.html]
[www.satta-kingz.in/fonts/images/www.html]
[www.satta-kingz.in/fonts/js/jquery.min.html]
